

> crm-befroosh@0.1.0 build /home/cvexor/Documents/MVP/Front/apps/admin
> next build

[baseline-browser-mapping] The data in this module is over two months old.  To ensure accurate Baseline data, please update: `npm i baseline-browser-mapping@latest -D`
   ▲ Next.js 16.0.10 (Turbopack)
   - Environments: .env

   Creating an optimized production build ...
[baseline-browser-mapping] The data in this module is over two months old.  To ensure accurate Baseline data, please update: `npm i baseline-browser-mapping@latest -D`
 ✓ Compiled successfully in 19.4s
   Skipping validation of types
[baseline-browser-mapping] The data in this module is over two months old.  To ensure accurate Baseline data, please update: `npm i baseline-browser-mapping@latest -D`
[baseline-browser-mapping] The data in this module is over two months old.  To ensure accurate Baseline data, please update: `npm i baseline-browser-mapping@latest -D`
[baseline-browser-mapping] The data in this module is over two months old.  To ensure accurate Baseline data, please update: `npm i baseline-browser-mapping@latest -D`
[baseline-browser-mapping] The data in this module is over two months old.  To ensure accurate Baseline data, please update: `npm i baseline-browser-mapping@latest -D`
[baseline-browser-mapping] The data in this module is over two months old.  To ensure accurate Baseline data, please update: `npm i baseline-browser-mapping@latest -D`
[baseline-browser-mapping] The data in this module is over two months old.  To ensure accurate Baseline data, please update: `npm i baseline-browser-mapping@latest -D`
[baseline-browser-mapping] The data in this module is over two months old.  To ensure accurate Baseline data, please update: `npm i baseline-browser-mapping@latest -D`
[baseline-browser-mapping] The data in this module is over two months old.  To ensure accurate Baseline data, please update: `npm i baseline-browser-mapping@latest -D`
[baseline-browser-mapping] The data in this module is over two months old.  To ensure accurate Baseline data, please update: `npm i baseline-browser-mapping@latest -D`
[baseline-browser-mapping] The data in this module is over two months old.  To ensure accurate Baseline data, please update: `npm i baseline-browser-mapping@latest -D`
[baseline-browser-mapping] The data in this module is over two months old.  To ensure accurate Baseline data, please update: `npm i baseline-browser-mapping@latest -D`
   Collecting page data using 11 workers in 4.9s     ✓ Collecting page data using 11 workers in 4.9s 
[baseline-browser-mapping] The data in this module is over two months old.  To ensure accurate Baseline data, please update: `npm i baseline-browser-mapping@latest -D`
 ✓ Generating static pages using 11 workers (15/15) in 4.6s
   Finalizing page optimization in 62.9ms     ✓ Finalizing page optimization in 62.9ms 

Route (app)
┌ ○ /
├ ○ /_not-found
├ ○ /aiagent
├ ○ /auth/signin
├ ○ /customers
├ ƒ /customers/[id]
├ ○ /discount-codes
├ ○ /leads
├ ƒ /leads/[id]
├ ○ /referral-codes
├ ○ /subscriptions
├ ○ /telegram-automation/chats
├ ○ /telegram-automation/docs
├ ○ /telegram-automation/guides
└ ○ /telegram-automation/qa


○  (Static)   prerendered as static content
ƒ  (Dynamic)  server-rendered on demand

